<?xml version="1.0"?>
<link_info>
   <banner>TI ARM Linker PC v5.1.6</banner>
   <copyright>Copyright (c) 1996-2014 Texas Instruments Incorporated</copyright>
   <link_time>0x56bbb72d</link_time>
   <link_errors>0x0</link_errors>
   <output_file>tiva-pid.out</output_file>
   <entry_point>
      <name>_c_int00</name>
      <address>0x3381</address>
   </entry_point>
   <input_file_list>
      <input_file id="fl-2">
         <path>.\</path>
         <kind>object</kind>
         <file>gyro_f.obj</file>
         <name>gyro_f.obj</name>
      </input_file>
      <input_file id="fl-3">
         <path>.\</path>
         <kind>object</kind>
         <file>gyro_init.obj</file>
         <name>gyro_init.obj</name>
      </input_file>
      <input_file id="fl-4">
         <path>.\</path>
         <kind>object</kind>
         <file>init.obj</file>
         <name>init.obj</name>
      </input_file>
      <input_file id="fl-5">
         <path>.\</path>
         <kind>object</kind>
         <file>interrupt.obj</file>
         <name>interrupt.obj</name>
      </input_file>
      <input_file id="fl-6">
         <path>.\</path>
         <kind>object</kind>
         <file>main.obj</file>
         <name>main.obj</name>
      </input_file>
      <input_file id="fl-7">
         <path>.\</path>
         <kind>object</kind>
         <file>parse.obj</file>
         <name>parse.obj</name>
      </input_file>
      <input_file id="fl-8">
         <path>.\</path>
         <kind>object</kind>
         <file>pid.obj</file>
         <name>pid.obj</name>
      </input_file>
      <input_file id="fl-9">
         <path>.\</path>
         <kind>object</kind>
         <file>qei.obj</file>
         <name>qei.obj</name>
      </input_file>
      <input_file id="fl-a">
         <path>.\</path>
         <kind>object</kind>
         <file>tiva_timer.obj</file>
         <name>tiva_timer.obj</name>
      </input_file>
      <input_file id="fl-b">
         <path>.\</path>
         <kind>object</kind>
         <file>tm4c123gh6pm_startup_ccs.obj</file>
         <name>tm4c123gh6pm_startup_ccs.obj</name>
      </input_file>
      <input_file id="fl-c">
         <path>.\xbee\</path>
         <kind>object</kind>
         <file>xbee.obj</file>
         <name>xbee.obj</name>
      </input_file>
      <input_file id="fl-d">
         <path>.\uartp\</path>
         <kind>object</kind>
         <file>cmdline.obj</file>
         <name>cmdline.obj</name>
      </input_file>
      <input_file id="fl-e">
         <path>.\uartp\</path>
         <kind>object</kind>
         <file>uart.obj</file>
         <name>uart.obj</name>
      </input_file>
      <input_file id="fl-f">
         <path>.\uartp\</path>
         <kind>object</kind>
         <file>uartstdio.obj</file>
         <name>uartstdio.obj</name>
      </input_file>
      <input_file id="fl-10">
         <path>.\uartp\</path>
         <kind>object</kind>
         <file>ustdlib.obj</file>
         <name>ustdlib.obj</name>
      </input_file>
      <input_file id="fl-11">
         <path>.\sens_col_ir\</path>
         <kind>object</kind>
         <file>senscol.obj</file>
         <name>senscol.obj</name>
      </input_file>
      <input_file id="fl-12">
         <path>.\pwm\</path>
         <kind>object</kind>
         <file>pwm.obj</file>
         <name>pwm.obj</name>
      </input_file>
      <input_file id="fl-13">
         <path>.\allineamento\</path>
         <kind>object</kind>
         <file>allineamento.obj</file>
         <name>allineamento.obj</name>
      </input_file>
      <input_file id="fl-14">
         <path>.\adc\</path>
         <kind>object</kind>
         <file>adc.obj</file>
         <name>adc.obj</name>
      </input_file>
      <input_file id="fl-15">
         <path>.\accel\</path>
         <kind>object</kind>
         <file>accel.obj</file>
         <name>accel.obj</name>
      </input_file>
      <input_file id="fl-16">
         <path>.\I2C\</path>
         <kind>object</kind>
         <file>tiva_i2c.obj</file>
         <name>tiva_i2c.obj</name>
      </input_file>
      <input_file id="fl-144">
         <path>C:\ti6\ccsv6\tools\compiler\arm_5.1.6\lib\</path>
         <kind>archive</kind>
         <file>rtsv7M4_T_le_v4SPD16_eabi.lib</file>
         <name>atan.obj</name>
      </input_file>
      <input_file id="fl-145">
         <path>C:\ti6\ccsv6\tools\compiler\arm_5.1.6\lib\</path>
         <kind>archive</kind>
         <file>rtsv7M4_T_le_v4SPD16_eabi.lib</file>
         <name>boot.obj</name>
      </input_file>
      <input_file id="fl-146">
         <path>C:\ti6\ccsv6\tools\compiler\arm_5.1.6\lib\</path>
         <kind>archive</kind>
         <file>rtsv7M4_T_le_v4SPD16_eabi.lib</file>
         <name>copy_decompress_none.obj</name>
      </input_file>
      <input_file id="fl-147">
         <path>C:\ti6\ccsv6\tools\compiler\arm_5.1.6\lib\</path>
         <kind>archive</kind>
         <file>rtsv7M4_T_le_v4SPD16_eabi.lib</file>
         <name>copy_decompress_rle.obj</name>
      </input_file>
      <input_file id="fl-148">
         <path>C:\ti6\ccsv6\tools\compiler\arm_5.1.6\lib\</path>
         <kind>archive</kind>
         <file>rtsv7M4_T_le_v4SPD16_eabi.lib</file>
         <name>copy_zero_init.obj</name>
      </input_file>
      <input_file id="fl-149">
         <path>C:\ti6\ccsv6\tools\compiler\arm_5.1.6\lib\</path>
         <kind>archive</kind>
         <file>rtsv7M4_T_le_v4SPD16_eabi.lib</file>
         <name>delete.obj</name>
      </input_file>
      <input_file id="fl-14a">
         <path>C:\ti6\ccsv6\tools\compiler\arm_5.1.6\lib\</path>
         <kind>archive</kind>
         <file>rtsv7M4_T_le_v4SPD16_eabi.lib</file>
         <name>exit.obj</name>
      </input_file>
      <input_file id="fl-14b">
         <path>C:\ti6\ccsv6\tools\compiler\arm_5.1.6\lib\</path>
         <kind>archive</kind>
         <file>rtsv7M4_T_le_v4SPD16_eabi.lib</file>
         <name>fd_add_t2.obj</name>
      </input_file>
      <input_file id="fl-14c">
         <path>C:\ti6\ccsv6\tools\compiler\arm_5.1.6\lib\</path>
         <kind>archive</kind>
         <file>rtsv7M4_T_le_v4SPD16_eabi.lib</file>
         <name>fd_cmp_t2.obj</name>
      </input_file>
      <input_file id="fl-14d">
         <path>C:\ti6\ccsv6\tools\compiler\arm_5.1.6\lib\</path>
         <kind>archive</kind>
         <file>rtsv7M4_T_le_v4SPD16_eabi.lib</file>
         <name>fd_div_t2.obj</name>
      </input_file>
      <input_file id="fl-14e">
         <path>C:\ti6\ccsv6\tools\compiler\arm_5.1.6\lib\</path>
         <kind>archive</kind>
         <file>rtsv7M4_T_le_v4SPD16_eabi.lib</file>
         <name>fd_mul_t2.obj</name>
      </input_file>
      <input_file id="fl-14f">
         <path>C:\ti6\ccsv6\tools\compiler\arm_5.1.6\lib\</path>
         <kind>archive</kind>
         <file>rtsv7M4_T_le_v4SPD16_eabi.lib</file>
         <name>fd_tos_t2.obj</name>
      </input_file>
      <input_file id="fl-150">
         <path>C:\ti6\ccsv6\tools\compiler\arm_5.1.6\lib\</path>
         <kind>archive</kind>
         <file>rtsv7M4_T_le_v4SPD16_eabi.lib</file>
         <name>fs_tod_t2.obj</name>
      </input_file>
      <input_file id="fl-151">
         <path>C:\ti6\ccsv6\tools\compiler\arm_5.1.6\lib\</path>
         <kind>archive</kind>
         <file>rtsv7M4_T_le_v4SPD16_eabi.lib</file>
         <name>i_tofd_t2.obj</name>
      </input_file>
      <input_file id="fl-152">
         <path>C:\ti6\ccsv6\tools\compiler\arm_5.1.6\lib\</path>
         <kind>archive</kind>
         <file>rtsv7M4_T_le_v4SPD16_eabi.lib</file>
         <name>memcpy_t2.obj</name>
      </input_file>
      <input_file id="fl-153">
         <path>C:\ti6\ccsv6\tools\compiler\arm_5.1.6\lib\</path>
         <kind>archive</kind>
         <file>rtsv7M4_T_le_v4SPD16_eabi.lib</file>
         <name>memory.obj</name>
      </input_file>
      <input_file id="fl-154">
         <path>C:\ti6\ccsv6\tools\compiler\arm_5.1.6\lib\</path>
         <kind>archive</kind>
         <file>rtsv7M4_T_le_v4SPD16_eabi.lib</file>
         <name>sqrt.obj</name>
      </input_file>
      <input_file id="fl-155">
         <path>C:\ti6\ccsv6\tools\compiler\arm_5.1.6\lib\</path>
         <kind>archive</kind>
         <file>rtsv7M4_T_le_v4SPD16_eabi.lib</file>
         <name>stkdepth_vars.obj</name>
      </input_file>
      <input_file id="fl-156">
         <path>C:\ti6\ccsv6\tools\compiler\arm_5.1.6\lib\</path>
         <kind>archive</kind>
         <file>rtsv7M4_T_le_v4SPD16_eabi.lib</file>
         <name>strcmp.obj</name>
      </input_file>
      <input_file id="fl-157">
         <path>C:\ti6\ccsv6\tools\compiler\arm_5.1.6\lib\</path>
         <kind>archive</kind>
         <file>rtsv7M4_T_le_v4SPD16_eabi.lib</file>
         <name>typeinfo_.obj</name>
      </input_file>
      <input_file id="fl-158">
         <path>C:\ti6\ccsv6\tools\compiler\arm_5.1.6\lib\</path>
         <kind>archive</kind>
         <file>rtsv7M4_T_le_v4SPD16_eabi.lib</file>
         <name>u_divt2.obj</name>
      </input_file>
      <input_file id="fl-159">
         <path>C:\ti6\ccsv6\tools\compiler\arm_5.1.6\lib\</path>
         <kind>archive</kind>
         <file>rtsv7M4_T_le_v4SPD16_eabi.lib</file>
         <name>xatan.obj</name>
      </input_file>
      <input_file id="fl-15a">
         <path>C:\ti6\ccsv6\tools\compiler\arm_5.1.6\lib\</path>
         <kind>archive</kind>
         <file>rtsv7M4_T_le_v4SPD16_eabi.lib</file>
         <name>xdscale.obj</name>
      </input_file>
      <input_file id="fl-15b">
         <path>C:\ti6\ccsv6\tools\compiler\arm_5.1.6\lib\</path>
         <kind>archive</kind>
         <file>rtsv7M4_T_le_v4SPD16_eabi.lib</file>
         <name>xdtest.obj</name>
      </input_file>
      <input_file id="fl-15c">
         <path>C:\ti6\ccsv6\tools\compiler\arm_5.1.6\lib\</path>
         <kind>archive</kind>
         <file>rtsv7M4_T_le_v4SPD16_eabi.lib</file>
         <name>xdunscal.obj</name>
      </input_file>
      <input_file id="fl-15d">
         <path>C:\ti6\ccsv6\tools\compiler\arm_5.1.6\lib\</path>
         <kind>archive</kind>
         <file>rtsv7M4_T_le_v4SPD16_eabi.lib</file>
         <name>xferaise.obj</name>
      </input_file>
      <input_file id="fl-15e">
         <path>C:\ti6\ccsv6\tools\compiler\arm_5.1.6\lib\</path>
         <kind>archive</kind>
         <file>rtsv7M4_T_le_v4SPD16_eabi.lib</file>
         <name>xvalues.obj</name>
      </input_file>
      <input_file id="fl-15f">
         <path>C:\ti6\ccsv6\tools\compiler\arm_5.1.6\lib\</path>
         <kind>archive</kind>
         <file>rtsv7M4_T_le_v4SPD16_eabi.lib</file>
         <name>_lock.obj</name>
      </input_file>
      <input_file id="fl-160">
         <path>C:\ti6\ccsv6\tools\compiler\arm_5.1.6\lib\</path>
         <kind>archive</kind>
         <file>rtsv7M4_T_le_v4SPD16_eabi.lib</file>
         <name>args_main.obj</name>
      </input_file>
      <input_file id="fl-161">
         <path>C:\ti6\ccsv6\tools\compiler\arm_5.1.6\lib\</path>
         <kind>archive</kind>
         <file>rtsv7M4_T_le_v4SPD16_eabi.lib</file>
         <name>auto_init.obj</name>
      </input_file>
      <input_file id="fl-162">
         <path>C:\ti6\ccsv6\tools\compiler\arm_5.1.6\lib\</path>
         <kind>archive</kind>
         <file>rtsv7M4_T_le_v4SPD16_eabi.lib</file>
         <name>cpy_tbl.obj</name>
      </input_file>
      <input_file id="fl-163">
         <path>C:\ti6\ccsv6\tools\compiler\arm_5.1.6\lib\</path>
         <kind>archive</kind>
         <file>rtsv7M4_T_le_v4SPD16_eabi.lib</file>
         <name>errno.obj</name>
      </input_file>
      <input_file id="fl-164">
         <path>C:\ti6\ccsv6\tools\compiler\arm_5.1.6\lib\</path>
         <kind>archive</kind>
         <file>rtsv7M4_T_le_v4SPD16_eabi.lib</file>
         <name>feraiseexcept.obj</name>
      </input_file>
      <input_file id="fl-165">
         <path>C:\ti6\ccsv6\tools\compiler\arm_5.1.6\lib\</path>
         <kind>archive</kind>
         <file>rtsv7M4_T_le_v4SPD16_eabi.lib</file>
         <name>raise.obj</name>
      </input_file>
      <input_file id="fl-166">
         <path>C:\ti6\ccsv6\tools\compiler\arm_5.1.6\lib\</path>
         <kind>archive</kind>
         <file>rtsv7M4_T_le_v4SPD16_eabi.lib</file>
         <name>signal.obj</name>
      </input_file>
      <input_file id="fl-167">
         <path>C:\ti6\ccsv6\tools\compiler\arm_5.1.6\lib\</path>
         <kind>archive</kind>
         <file>rtsv7M4_T_le_v4SPD16_eabi.lib</file>
         <name>xdnorm.obj</name>
      </input_file>
      <input_file id="fl-168">
         <path>C:\ti6\TivaWare_C_Series-2.1.0.12573\driverlib\ccs\Debug\</path>
         <kind>archive</kind>
         <file>driverlib.lib</file>
         <name>uart.obj</name>
      </input_file>
      <input_file id="fl-169">
         <path>C:\ti6\TivaWare_C_Series-2.1.0.12573\driverlib\ccs\Debug\</path>
         <kind>archive</kind>
         <file>driverlib.lib</file>
         <name>timer.obj</name>
      </input_file>
      <input_file id="fl-16a">
         <path>C:\ti6\TivaWare_C_Series-2.1.0.12573\driverlib\ccs\Debug\</path>
         <kind>archive</kind>
         <file>driverlib.lib</file>
         <name>sysctl.obj</name>
      </input_file>
      <input_file id="fl-16b">
         <path>C:\ti6\TivaWare_C_Series-2.1.0.12573\driverlib\ccs\Debug\</path>
         <kind>archive</kind>
         <file>driverlib.lib</file>
         <name>qei.obj</name>
      </input_file>
      <input_file id="fl-16c">
         <path>C:\ti6\TivaWare_C_Series-2.1.0.12573\driverlib\ccs\Debug\</path>
         <kind>archive</kind>
         <file>driverlib.lib</file>
         <name>interrupt.obj</name>
      </input_file>
      <input_file id="fl-16d">
         <path>C:\ti6\TivaWare_C_Series-2.1.0.12573\driverlib\ccs\Debug\</path>
         <kind>archive</kind>
         <file>driverlib.lib</file>
         <name>i2c.obj</name>
      </input_file>
      <input_file id="fl-16e">
         <path>C:\ti6\TivaWare_C_Series-2.1.0.12573\driverlib\ccs\Debug\</path>
         <kind>archive</kind>
         <file>driverlib.lib</file>
         <name>gpio.obj</name>
      </input_file>
      <input_file id="fl-16f">
         <path>C:\ti6\TivaWare_C_Series-2.1.0.12573\driverlib\ccs\Debug\</path>
         <kind>archive</kind>
         <file>driverlib.lib</file>
         <name>cpu.obj</name>
      </input_file>
      <input_file id="fl-170">
         <path>C:\ti6\TivaWare_C_Series-2.1.0.12573\driverlib\ccs\Debug\</path>
         <kind>archive</kind>
         <file>driverlib.lib</file>
         <name>adc.obj</name>
      </input_file>
   </input_file_list>
   <object_component_list>
      <object_component id="oc-e">
         <name>.intvecs</name>
         <load_address>0x0</load_address>
         <run_address>0x0</run_address>
         <size>0x26c</size>
         <input_file_ref idref="fl-b"/>
      </object_component>
      <object_component id="oc-20c">
         <name>.text</name>
         <load_address>0x26c</load_address>
         <run_address>0x26c</run_address>
         <size>0x6f0</size>
         <input_file_ref idref="fl-7"/>
      </object_component>
      <object_component id="oc-200">
         <name>.text</name>
         <load_address>0x95c</load_address>
         <run_address>0x95c</run_address>
         <size>0x51c</size>
         <input_file_ref idref="fl-3"/>
      </object_component>
      <object_component id="oc-a8">
         <name>.text</name>
         <load_address>0xe78</load_address>
         <run_address>0xe78</run_address>
         <size>0x508</size>
         <input_file_ref idref="fl-11"/>
      </object_component>
      <object_component id="oc-7b">
         <name>.text</name>
         <load_address>0x1380</load_address>
         <run_address>0x1380</run_address>
         <size>0x4dc</size>
         <input_file_ref idref="fl-f"/>
      </object_component>
      <object_component id="oc-a2">
         <name>.text</name>
         <load_address>0x185c</load_address>
         <run_address>0x185c</run_address>
         <size>0x414</size>
         <input_file_ref idref="fl-12"/>
      </object_component>
      <object_component id="oc-180">
         <name>.text</name>
         <load_address>0x1c70</load_address>
         <run_address>0x1c70</run_address>
         <size>0x2fc</size>
         <input_file_ref idref="fl-16"/>
      </object_component>
      <object_component id="oc-206">
         <name>.text</name>
         <load_address>0x1f6c</load_address>
         <run_address>0x1f6c</run_address>
         <size>0x220</size>
         <input_file_ref idref="fl-14"/>
      </object_component>
      <object_component id="oc-38">
         <name>.text</name>
         <load_address>0x218c</load_address>
         <run_address>0x218c</run_address>
         <size>0x1c0</size>
         <input_file_ref idref="fl-a"/>
      </object_component>
      <object_component id="oc-15d">
         <name>.text</name>
         <load_address>0x234c</load_address>
         <run_address>0x234c</run_address>
         <size>0x1b6</size>
         <input_file_ref idref="fl-14b"/>
      </object_component>
      <object_component id="oc-16e">
         <name>.text</name>
         <load_address>0x2504</load_address>
         <run_address>0x2504</run_address>
         <size>0x148</size>
         <input_file_ref idref="fl-154"/>
      </object_component>
      <object_component id="oc-2b6">
         <name>.text</name>
         <load_address>0x264c</load_address>
         <run_address>0x264c</run_address>
         <size>0x13c</size>
         <input_file_ref idref="fl-e"/>
      </object_component>
      <object_component id="oc-158">
         <name>.text</name>
         <load_address>0x2788</load_address>
         <run_address>0x2788</run_address>
         <size>0x136</size>
         <input_file_ref idref="fl-14d"/>
      </object_component>
      <object_component id="oc-32f">
         <name>.text:GPIOPadConfigSet</name>
         <load_address>0x28be</load_address>
         <run_address>0x28be</run_address>
         <size>0x130</size>
         <input_file_ref idref="fl-16e"/>
      </object_component>
      <object_component id="oc-ae">
         <name>.text:SysCtlClockGet</name>
         <load_address>0x29f0</load_address>
         <run_address>0x29f0</run_address>
         <size>0x118</size>
         <input_file_ref idref="fl-16a"/>
      </object_component>
      <object_component id="oc-248">
         <name>.text</name>
         <load_address>0x2b08</load_address>
         <run_address>0x2b08</run_address>
         <size>0x110</size>
         <input_file_ref idref="fl-15a"/>
      </object_component>
      <object_component id="oc-186">
         <name>.text</name>
         <load_address>0x2c18</load_address>
         <run_address>0x2c18</run_address>
         <size>0xfc</size>
         <input_file_ref idref="fl-14e"/>
      </object_component>
      <object_component id="oc-32">
         <name>.text</name>
         <load_address>0x2d14</load_address>
         <run_address>0x2d14</run_address>
         <size>0xec</size>
         <input_file_ref idref="fl-5"/>
      </object_component>
      <object_component id="oc-308">
         <name>.text</name>
         <load_address>0x2e00</load_address>
         <run_address>0x2e00</run_address>
         <size>0xc4</size>
         <input_file_ref idref="fl-167"/>
      </object_component>
      <object_component id="oc-56">
         <name>.text</name>
         <load_address>0x2ec4</load_address>
         <run_address>0x2ec4</run_address>
         <size>0x9c</size>
         <input_file_ref idref="fl-152"/>
      </object_component>
      <object_component id="oc-41">
         <name>.text</name>
         <load_address>0x2f60</load_address>
         <run_address>0x2f60</run_address>
         <size>0x94</size>
         <input_file_ref idref="fl-161"/>
      </object_component>
      <object_component id="oc-2d6">
         <name>.text:ADCSequenceStepConfigure</name>
         <load_address>0x2ff4</load_address>
         <run_address>0x2ff4</run_address>
         <size>0x80</size>
         <input_file_ref idref="fl-170"/>
      </object_component>
      <object_component id="oc-242">
         <name>.text</name>
         <load_address>0x3074</load_address>
         <run_address>0x3074</run_address>
         <size>0x64</size>
         <input_file_ref idref="fl-15c"/>
      </object_component>
      <object_component id="oc-c0">
         <name>.text:IntEnable</name>
         <load_address>0x30d8</load_address>
         <run_address>0x30d8</run_address>
         <size>0x60</size>
         <input_file_ref idref="fl-16c"/>
      </object_component>
      <object_component id="oc-e2">
         <name>.text</name>
         <load_address>0x3138</load_address>
         <run_address>0x3138</run_address>
         <size>0x60</size>
         <input_file_ref idref="fl-6"/>
      </object_component>
      <object_component id="oc-69">
         <name>.text</name>
         <load_address>0x3198</load_address>
         <run_address>0x3198</run_address>
         <size>0x5e</size>
         <input_file_ref idref="fl-147"/>
      </object_component>
      <object_component id="oc-b4">
         <name>.text:TimerConfigure</name>
         <load_address>0x31f8</load_address>
         <run_address>0x31f8</run_address>
         <size>0x5c</size>
         <input_file_ref idref="fl-169"/>
      </object_component>
      <object_component id="oc-27e">
         <name>.text:SysCtlPeripheralReset</name>
         <load_address>0x3254</load_address>
         <run_address>0x3254</run_address>
         <size>0x50</size>
         <input_file_ref idref="fl-16a"/>
      </object_component>
      <object_component id="oc-162">
         <name>.text</name>
         <load_address>0x32a4</load_address>
         <run_address>0x32a4</run_address>
         <size>0x4a</size>
         <input_file_ref idref="fl-14f"/>
      </object_component>
      <object_component id="oc-284">
         <name>.text:GPIOPinConfigure</name>
         <load_address>0x32f0</load_address>
         <run_address>0x32f0</run_address>
         <size>0x48</size>
         <input_file_ref idref="fl-16e"/>
      </object_component>
      <object_component id="oc-296">
         <name>.text:I2CMasterInitExpClk</name>
         <load_address>0x3338</load_address>
         <run_address>0x3338</run_address>
         <size>0x48</size>
         <input_file_ref idref="fl-16d"/>
      </object_component>
      <object_component id="oc-11">
         <name>.text</name>
         <load_address>0x3380</load_address>
         <run_address>0x3380</run_address>
         <size>0x48</size>
         <input_file_ref idref="fl-145"/>
      </object_component>
      <object_component id="oc-db">
         <name>.text</name>
         <load_address>0x33c8</load_address>
         <run_address>0x33c8</run_address>
         <size>0x44</size>
         <input_file_ref idref="fl-162"/>
      </object_component>
      <object_component id="oc-4c">
         <name>.text</name>
         <load_address>0x340c</load_address>
         <run_address>0x340c</run_address>
         <size>0x44</size>
         <input_file_ref idref="fl-14a"/>
      </object_component>
      <object_component id="oc-119">
         <name>.text</name>
         <load_address>0x3450</load_address>
         <run_address>0x3450</run_address>
         <size>0x42</size>
         <input_file_ref idref="fl-158"/>
      </object_component>
      <object_component id="oc-387">
         <name>.text</name>
         <load_address>0x3494</load_address>
         <run_address>0x3494</run_address>
         <size>0x40</size>
         <input_file_ref idref="fl-166"/>
      </object_component>
      <object_component id="oc-2d0">
         <name>.text:ADCSequenceConfigure</name>
         <load_address>0x34d4</load_address>
         <run_address>0x34d4</run_address>
         <size>0x3e</size>
         <input_file_ref idref="fl-170"/>
      </object_component>
      <object_component id="oc-169">
         <name>.text</name>
         <load_address>0x3512</load_address>
         <run_address>0x3512</run_address>
         <size>0x38</size>
         <input_file_ref idref="fl-150"/>
      </object_component>
      <object_component id="oc-278">
         <name>.text:SysCtlPeripheralEnable</name>
         <load_address>0x354c</load_address>
         <run_address>0x354c</run_address>
         <size>0x34</size>
         <input_file_ref idref="fl-16a"/>
      </object_component>
      <object_component id="oc-312">
         <name>.text</name>
         <load_address>0x3580</load_address>
         <run_address>0x3580</run_address>
         <size>0x34</size>
         <input_file_ref idref="fl-164"/>
      </object_component>
      <object_component id="oc-24e">
         <name>.text</name>
         <load_address>0x35b4</load_address>
         <run_address>0x35b4</run_address>
         <size>0x30</size>
         <input_file_ref idref="fl-15d"/>
      </object_component>
      <object_component id="oc-153">
         <name>.text</name>
         <load_address>0x35e4</load_address>
         <run_address>0x35e4</run_address>
         <size>0x2e</size>
         <input_file_ref idref="fl-151"/>
      </object_component>
      <object_component id="oc-36c">
         <name>.text</name>
         <load_address>0x3612</load_address>
         <run_address>0x3612</run_address>
         <size>0x2e</size>
         <input_file_ref idref="fl-165"/>
      </object_component>
      <object_component id="oc-18b">
         <name>.text:GPIODirModeSet</name>
         <load_address>0x3640</load_address>
         <run_address>0x3640</run_address>
         <size>0x2a</size>
         <input_file_ref idref="fl-16e"/>
      </object_component>
      <object_component id="oc-46">
         <name>.text</name>
         <load_address>0x366c</load_address>
         <run_address>0x366c</run_address>
         <size>0x18</size>
         <input_file_ref idref="fl-160"/>
      </object_component>
      <object_component id="oc-8d">
         <name>.text:TimerDisable</name>
         <load_address>0x3684</load_address>
         <run_address>0x3684</run_address>
         <size>0x14</size>
         <input_file_ref idref="fl-169"/>
      </object_component>
      <object_component id="oc-21a">
         <name>.text</name>
         <load_address>0x3698</load_address>
         <run_address>0x3698</run_address>
         <size>0x14</size>
         <input_file_ref idref="fl-15f"/>
      </object_component>
      <object_component id="oc-2ca">
         <name>.text:GPIOPinTypeADC</name>
         <load_address>0x36ac</load_address>
         <run_address>0x36ac</run_address>
         <size>0x12</size>
         <input_file_ref idref="fl-16e"/>
      </object_component>
      <object_component id="oc-290">
         <name>.text:GPIOPinTypeI2C</name>
         <load_address>0x36be</load_address>
         <run_address>0x36be</run_address>
         <size>0x12</size>
         <input_file_ref idref="fl-16e"/>
      </object_component>
      <object_component id="oc-28a">
         <name>.text:GPIOPinTypeI2CSCL</name>
         <load_address>0x36d0</load_address>
         <run_address>0x36d0</run_address>
         <size>0x12</size>
         <input_file_ref idref="fl-16e"/>
      </object_component>
      <object_component id="oc-ba">
         <name>.text:TimerLoadSet</name>
         <load_address>0x36e2</load_address>
         <run_address>0x36e2</run_address>
         <size>0x12</size>
         <input_file_ref idref="fl-169"/>
      </object_component>
      <object_component id="oc-1c">
         <name>.text:decompress:ZI</name>
         <load_address>0x36f4</load_address>
         <run_address>0x36f4</run_address>
         <size>0x12</size>
         <input_file_ref idref="fl-148"/>
      </object_component>
      <object_component id="oc-2e2">
         <name>.text:ADCIntEnable</name>
         <load_address>0x3706</load_address>
         <run_address>0x3706</run_address>
         <size>0x10</size>
         <input_file_ref idref="fl-170"/>
      </object_component>
      <object_component id="oc-2dc">
         <name>.text:ADCSequenceEnable</name>
         <load_address>0x3716</load_address>
         <run_address>0x3716</run_address>
         <size>0xe</size>
         <input_file_ref idref="fl-170"/>
      </object_component>
      <object_component id="oc-87">
         <name>.text:GPIOIntDisable</name>
         <load_address>0x3724</load_address>
         <run_address>0x3724</run_address>
         <size>0xe</size>
         <input_file_ref idref="fl-16e"/>
      </object_component>
      <object_component id="oc-174">
         <name>.text:TimerEnable</name>
         <load_address>0x3732</load_address>
         <run_address>0x3732</run_address>
         <size>0xe</size>
         <input_file_ref idref="fl-169"/>
      </object_component>
      <object_component id="oc-16">
         <name>.text:decompress:none</name>
         <load_address>0x3740</load_address>
         <run_address>0x3740</run_address>
         <size>0xe</size>
         <input_file_ref idref="fl-146"/>
      </object_component>
      <object_component id="oc-2c4">
         <name>.text:ADCReferenceSet</name>
         <load_address>0x374e</load_address>
         <run_address>0x374e</run_address>
         <size>0xc</size>
         <input_file_ref idref="fl-170"/>
      </object_component>
      <object_component id="oc-354">
         <name>.text:CPUcpsie</name>
         <load_address>0x375a</load_address>
         <run_address>0x375a</run_address>
         <size>0xc</size>
         <input_file_ref idref="fl-16f"/>
      </object_component>
      <object_component id="oc-17a">
         <name>.text:GPIOIntEnable</name>
         <load_address>0x3766</load_address>
         <run_address>0x3766</run_address>
         <size>0xc</size>
         <input_file_ref idref="fl-16e"/>
      </object_component>
      <object_component id="oc-2c">
         <name>.text</name>
         <load_address>0x3772</load_address>
         <run_address>0x3772</run_address>
         <size>0xc</size>
         <input_file_ref idref="fl-b"/>
      </object_component>
      <object_component id="oc-2be">
         <name>.text:ADCIntClear</name>
         <load_address>0x377e</load_address>
         <run_address>0x377e</run_address>
         <size>0xa</size>
         <input_file_ref idref="fl-170"/>
      </object_component>
      <object_component id="oc-337">
         <name>.text:I2CMasterEnable</name>
         <load_address>0x3788</load_address>
         <run_address>0x3788</run_address>
         <size>0xa</size>
         <input_file_ref idref="fl-16d"/>
      </object_component>
      <object_component id="oc-2e8">
         <name>.text:IntMasterEnable</name>
         <load_address>0x3792</load_address>
         <run_address>0x3792</run_address>
         <size>0xa</size>
         <input_file_ref idref="fl-16c"/>
      </object_component>
      <object_component id="oc-2f4">
         <name>.text:UARTCharPut</name>
         <load_address>0x379c</load_address>
         <run_address>0x379c</run_address>
         <size>0xa</size>
         <input_file_ref idref="fl-168"/>
      </object_component>
      <object_component id="oc-260">
         <name>.text:I2CMasterBusy</name>
         <load_address>0x37a6</load_address>
         <run_address>0x37a6</run_address>
         <size>0x8</size>
         <input_file_ref idref="fl-16d"/>
      </object_component>
      <object_component id="oc-25a">
         <name>.text:I2CMasterSlaveAddrSet</name>
         <load_address>0x37ae</load_address>
         <run_address>0x37ae</run_address>
         <size>0x8</size>
         <input_file_ref idref="fl-16d"/>
      </object_component>
      <object_component id="oc-c6">
         <name>.text:TimerIntEnable</name>
         <load_address>0x37b6</load_address>
         <run_address>0x37b6</run_address>
         <size>0x8</size>
         <input_file_ref idref="fl-169"/>
      </object_component>
      <object_component id="oc-81">
         <name>.text:GPIOIntClear</name>
         <load_address>0x37be</load_address>
         <run_address>0x37be</run_address>
         <size>0x6</size>
         <input_file_ref idref="fl-16e"/>
      </object_component>
      <object_component id="oc-2b0">
         <name>.text:GPIOPinWrite</name>
         <load_address>0x37c4</load_address>
         <run_address>0x37c4</run_address>
         <size>0x6</size>
         <input_file_ref idref="fl-16e"/>
      </object_component>
      <object_component id="oc-22">
         <name>.text:decompress:rle24</name>
         <load_address>0x37ca</load_address>
         <run_address>0x37ca</run_address>
         <size>0x6</size>
         <input_file_ref idref="fl-147"/>
      </object_component>
      <object_component id="oc-26c">
         <name>.text:I2CMasterControl</name>
         <load_address>0x37d0</load_address>
         <run_address>0x37d0</run_address>
         <size>0x4</size>
         <input_file_ref idref="fl-16d"/>
      </object_component>
      <object_component id="oc-272">
         <name>.text:I2CMasterDataGet</name>
         <load_address>0x37d4</load_address>
         <run_address>0x37d4</run_address>
         <size>0x4</size>
         <input_file_ref idref="fl-16d"/>
      </object_component>
      <object_component id="oc-266">
         <name>.text:I2CMasterDataPut</name>
         <load_address>0x37d8</load_address>
         <run_address>0x37d8</run_address>
         <size>0x4</size>
         <input_file_ref idref="fl-16d"/>
      </object_component>
      <object_component id="oc-32b">
         <name>.const:g_pui32GPIOBaseAddrs</name>
         <load_address>0x37dc</load_address>
         <run_address>0x37dc</run_address>
         <size>0x90</size>
         <input_file_ref idref="fl-16e"/>
      </object_component>
      <object_component id="oc-1a4">
         <name>.const</name>
         <load_address>0x386c</load_address>
         <run_address>0x386c</run_address>
         <size>0x70</size>
         <input_file_ref idref="fl-16c"/>
      </object_component>
      <object_component id="oc-19e">
         <name>.const:g_pui32Xtals</name>
         <load_address>0x38dc</load_address>
         <run_address>0x38dc</run_address>
         <size>0x6c</size>
         <input_file_ref idref="fl-16a"/>
      </object_component>
      <object_component id="oc-113">
         <name>.const</name>
         <load_address>0x3948</load_address>
         <run_address>0x3948</run_address>
         <size>0x1c</size>
         <input_file_ref idref="fl-f"/>
      </object_component>
      <object_component id="oc-228">
         <name>.const:.string</name>
         <load_address>0x3964</load_address>
         <run_address>0x3964</run_address>
         <size>0x12</size>
         <input_file_ref idref="fl-f"/>
      </object_component>
      <object_component id="oc-3c8">
         <name>.cinit..data.load</name>
         <load_address>0x3978</load_address>
         <run_address>0x3978</run_address>
         <size>0x46</size>
      </object_component>
      <object_component id="oc-3c6">
         <name>__TI_handler_table</name>
         <load_address>0x39c0</load_address>
         <run_address>0x39c0</run_address>
         <size>0xc</size>
      </object_component>
      <object_component id="oc-3c9">
         <name>.cinit..bss.load</name>
         <load_address>0x39d0</load_address>
         <run_address>0x39d0</run_address>
         <size>0x8</size>
      </object_component>
      <object_component id="oc-3c7">
         <name>__TI_cinit_table</name>
         <load_address>0x39d8</load_address>
         <run_address>0x39d8</run_address>
         <size>0x10</size>
      </object_component>
      <object_component id="oc-52">
         <name>.data</name>
         <load_address>0x20004164</load_address>
         <run_address>0x20004164</run_address>
         <size>0x4</size>
         <input_file_ref idref="fl-155"/>
      </object_component>
      <object_component id="oc-96">
         <name>.data</name>
         <load_address>0x20004130</load_address>
         <run_address>0x20004130</run_address>
         <size>0x8</size>
         <input_file_ref idref="fl-5"/>
      </object_component>
      <object_component id="oc-99">
         <name>.data</name>
         <load_address>0x20004138</load_address>
         <run_address>0x20004138</run_address>
         <size>0x8</size>
         <input_file_ref idref="fl-6"/>
      </object_component>
      <object_component id="oc-cc">
         <name>.data</name>
         <load_address>0x20004168</load_address>
         <run_address>0x20004168</run_address>
         <size>0x4</size>
         <input_file_ref idref="fl-a"/>
      </object_component>
      <object_component id="oc-ea">
         <name>.data</name>
         <load_address>0x20004140</load_address>
         <run_address>0x20004140</run_address>
         <size>0x8</size>
         <input_file_ref idref="fl-15f"/>
      </object_component>
      <object_component id="oc-ed">
         <name>.data</name>
         <load_address>0x20004148</load_address>
         <run_address>0x20004148</run_address>
         <size>0x8</size>
         <input_file_ref idref="fl-14a"/>
      </object_component>
      <object_component id="oc-116">
         <name>.data</name>
         <load_address>0x20004158</load_address>
         <run_address>0x20004158</run_address>
         <size>0x5</size>
         <input_file_ref idref="fl-f"/>
      </object_component>
      <object_component id="oc-254">
         <name>.data</name>
         <load_address>0x200040b0</load_address>
         <run_address>0x200040b0</run_address>
         <size>0x80</size>
         <input_file_ref idref="fl-15e"/>
      </object_component>
      <object_component id="oc-318">
         <name>.data</name>
         <load_address>0x20004160</load_address>
         <run_address>0x20004160</run_address>
         <size>0x4</size>
         <input_file_ref idref="fl-163"/>
      </object_component>
      <object_component id="oc-372">
         <name>.data</name>
         <load_address>0x20004150</load_address>
         <run_address>0x20004150</run_address>
         <size>0x8</size>
         <input_file_ref idref="fl-164"/>
      </object_component>
      <object_component id="oc-398">
         <name>.data:sigtable</name>
         <load_address>0x20004000</load_address>
         <run_address>0x20004000</run_address>
         <size>0xb0</size>
         <input_file_ref idref="fl-166"/>
      </object_component>
      <object_component id="oc-2f3">
         <name>.common:uart1buffer</name>
         <uninitialized>true</uninitialized>
         <run_address>0x2000416c</run_address>
         <size>0x10</size>
      </object_component>
      <object_component id="oc-2ee">
         <name>.common:dPtr</name>
         <uninitialized>true</uninitialized>
         <run_address>0x20004180</run_address>
         <size>0x4</size>
      </object_component>
      <object_component id="oc-cd">
         <name>.common:servo</name>
         <uninitialized>true</uninitialized>
         <run_address>0x20004188</run_address>
         <size>0x4</size>
      </object_component>
      <object_component id="oc-d1">
         <name>.common:TEMPptr</name>
         <uninitialized>true</uninitialized>
         <run_address>0x2000417c</run_address>
         <size>0x4</size>
      </object_component>
      <object_component id="oc-2ef">
         <name>.common:numByte</name>
         <uninitialized>true</uninitialized>
         <run_address>0x20004184</run_address>
         <size>0x4</size>
      </object_component>
      <object_component id="oc-29">
         <name>.sysmem</name>
         <uninitialized>true</uninitialized>
         <run_address>0x20002000</run_address>
         <size>0x8</size>
         <input_file_ref idref="fl-153"/>
      </object_component>
      <object_component id="oc-3cb">
         <name>.sysmem</name>
         <uninitialized>true</uninitialized>
         <run_address>0x20002000</run_address>
         <size>0x0</size>
      </object_component>
      <object_component id="oc-28">
         <name>.stack</name>
         <uninitialized>true</uninitialized>
         <run_address>0x20000000</run_address>
         <size>0x0</size>
         <input_file_ref idref="fl-145"/>
      </object_component>
      <object_component id="oc-3ca">
         <name>.stack</name>
         <uninitialized>true</uninitialized>
         <run_address>0x20000000</run_address>
         <size>0x0</size>
      </object_component>
      <object_component id="oc-f">
         <name>.debug_info</name>
         <load_address>0x0</load_address>
         <run_address>0x0</run_address>
         <size>0xd3</size>
         <input_file_ref idref="fl-b"/>
      </object_component>
      <object_component id="oc-14">
         <name>.debug_info</name>
         <load_address>0xd3</load_address>
         <run_address>0xd3</run_address>
         <size>0xf3</size>
         <input_file_ref idref="fl-145"/>
      </object_component>
      <object_component id="oc-19">
         <name>.debug_info</name>
         <load_address>0x1c6</load_address>
         <run_address>0x1c6</run_address>
         <size>0x194</size>
         <input_file_ref idref="fl-146"/>
      </object_component>
      <object_component id="oc-20">
         <name>.debug_info</name>
         <load_address>0x35a</load_address>
         <run_address>0x35a</run_address>
         <size>0x16a</size>
         <input_file_ref idref="fl-148"/>
      </object_component>
      <object_component id="oc-24">
         <name>.debug_info</name>
         <load_address>0x4c4</load_address>
         <run_address>0x4c4</run_address>
         <size>0x18e</size>
         <input_file_ref idref="fl-147"/>
      </object_component>
      <object_component id="oc-2a">
         <name>.debug_info</name>
         <load_address>0x652</load_address>
         <run_address>0x652</run_address>
         <size>0xb6</size>
         <input_file_ref idref="fl-153"/>
      </object_component>
      <object_component id="oc-2d">
         <name>.debug_info</name>
         <load_address>0x708</load_address>
         <run_address>0x708</run_address>
         <size>0x24f</size>
         <input_file_ref idref="fl-b"/>
      </object_component>
      <object_component id="oc-33">
         <name>.debug_info</name>
         <load_address>0x957</load_address>
         <run_address>0x957</run_address>
         <size>0x22a</size>
         <input_file_ref idref="fl-5"/>
      </object_component>
      <object_component id="oc-39">
         <name>.debug_info</name>
         <load_address>0xb81</load_address>
         <run_address>0xb81</run_address>
         <size>0x39b</size>
         <input_file_ref idref="fl-a"/>
      </object_component>
      <object_component id="oc-40">
         <name>.debug_info</name>
         <load_address>0xf1c</load_address>
         <run_address>0xf1c</run_address>
         <size>0x17a</size>
         <input_file_ref idref="fl-b"/>
      </object_component>
      <object_component id="oc-43">
         <name>.debug_info</name>
         <load_address>0x1096</load_address>
         <run_address>0x1096</run_address>
         <size>0x13d</size>
         <input_file_ref idref="fl-161"/>
      </object_component>
      <object_component id="oc-47">
         <name>.debug_info</name>
         <load_address>0x11d3</load_address>
         <run_address>0x11d3</run_address>
         <size>0x11c</size>
         <input_file_ref idref="fl-160"/>
      </object_component>
      <object_component id="oc-4d">
         <name>.debug_info</name>
         <load_address>0x12ef</load_address>
         <run_address>0x12ef</run_address>
         <size>0x1c2</size>
         <input_file_ref idref="fl-14a"/>
      </object_component>
      <object_component id="oc-53">
         <name>.debug_info</name>
         <load_address>0x14b1</load_address>
         <run_address>0x14b1</run_address>
         <size>0xbe</size>
         <input_file_ref idref="fl-155"/>
      </object_component>
      <object_component id="oc-58">
         <name>.debug_info</name>
         <load_address>0x156f</load_address>
         <run_address>0x156f</run_address>
         <size>0xcc</size>
         <input_file_ref idref="fl-152"/>
      </object_component>
      <object_component id="oc-5c">
         <name>.debug_info</name>
         <load_address>0x163b</load_address>
         <run_address>0x163b</run_address>
         <size>0x46</size>
         <input_file_ref idref="fl-146"/>
      </object_component>
      <object_component id="oc-61">
         <name>.debug_info</name>
         <load_address>0x1681</load_address>
         <run_address>0x1681</run_address>
         <size>0xf2</size>
         <input_file_ref idref="fl-146"/>
      </object_component>
      <object_component id="oc-63">
         <name>.debug_info</name>
         <load_address>0x1773</load_address>
         <run_address>0x1773</run_address>
         <size>0x46</size>
         <input_file_ref idref="fl-148"/>
      </object_component>
      <object_component id="oc-68">
         <name>.debug_info</name>
         <load_address>0x17b9</load_address>
         <run_address>0x17b9</run_address>
         <size>0xad</size>
         <input_file_ref idref="fl-148"/>
      </object_component>
      <object_component id="oc-6b">
         <name>.debug_info</name>
         <load_address>0x1866</load_address>
         <run_address>0x1866</run_address>
         <size>0x1ef</size>
         <input_file_ref idref="fl-147"/>
      </object_component>
      <object_component id="oc-70">
         <name>.debug_info</name>
         <load_address>0x1a55</load_address>
         <run_address>0x1a55</run_address>
         <size>0xb7</size>
         <input_file_ref idref="fl-147"/>
      </object_component>
      <object_component id="oc-71">
         <name>.debug_info</name>
         <load_address>0x1b0c</load_address>
         <run_address>0x1b0c</run_address>
         <size>0x39</size>
         <input_file_ref idref="fl-147"/>
      </object_component>
      <object_component id="oc-78">
         <name>.debug_info</name>
         <load_address>0x1b45</load_address>
         <run_address>0x1b45</run_address>
         <size>0x1d7</size>
         <input_file_ref idref="fl-153"/>
      </object_component>
      <object_component id="oc-7c">
         <name>.debug_info</name>
         <load_address>0x1d1c</load_address>
         <run_address>0x1d1c</run_address>
         <size>0x72d</size>
         <input_file_ref idref="fl-f"/>
      </object_component>
      <object_component id="oc-82">
         <name>.debug_info</name>
         <load_address>0x2449</load_address>
         <run_address>0x2449</run_address>
         <size>0x1f1</size>
         <input_file_ref idref="fl-16e"/>
      </object_component>
      <object_component id="oc-88">
         <name>.debug_info</name>
         <load_address>0x263a</load_address>
         <run_address>0x263a</run_address>
         <size>0x1f5</size>
         <input_file_ref idref="fl-16e"/>
      </object_component>
      <object_component id="oc-8e">
         <name>.debug_info</name>
         <load_address>0x282f</load_address>
         <run_address>0x282f</run_address>
         <size>0x1e5</size>
         <input_file_ref idref="fl-169"/>
      </object_component>
      <object_component id="oc-94">
         <name>.debug_info</name>
         <load_address>0x2a14</load_address>
         <run_address>0x2a14</run_address>
         <size>0x25d</size>
         <input_file_ref idref="fl-5"/>
      </object_component>
      <object_component id="oc-97">
         <name>.debug_info</name>
         <load_address>0x2c71</load_address>
         <run_address>0x2c71</run_address>
         <size>0x106</size>
         <input_file_ref idref="fl-5"/>
      </object_component>
      <object_component id="oc-9a">
         <name>.debug_info</name>
         <load_address>0x2d77</load_address>
         <run_address>0x2d77</run_address>
         <size>0xd8</size>
         <input_file_ref idref="fl-6"/>
      </object_component>
      <object_component id="oc-9d">
         <name>.debug_info</name>
         <load_address>0x2e4f</load_address>
         <run_address>0x2e4f</run_address>
         <size>0x18b</size>
         <input_file_ref idref="fl-2"/>
      </object_component>
      <object_component id="oc-a3">
         <name>.debug_info</name>
         <load_address>0x2fda</load_address>
         <run_address>0x2fda</run_address>
         <size>0x5f2</size>
         <input_file_ref idref="fl-12"/>
      </object_component>
      <object_component id="oc-a9">
         <name>.debug_info</name>
         <load_address>0x35cc</load_address>
         <run_address>0x35cc</run_address>
         <size>0x946</size>
         <input_file_ref idref="fl-11"/>
      </object_component>
      <object_component id="oc-af">
         <name>.debug_info</name>
         <load_address>0x3f12</load_address>
         <run_address>0x3f12</run_address>
         <size>0x219</size>
         <input_file_ref idref="fl-16a"/>
      </object_component>
      <object_component id="oc-b5">
         <name>.debug_info</name>
         <load_address>0x412b</load_address>
         <run_address>0x412b</run_address>
         <size>0x1f0</size>
         <input_file_ref idref="fl-169"/>
      </object_component>
      <object_component id="oc-bb">
         <name>.debug_info</name>
         <load_address>0x431b</load_address>
         <run_address>0x431b</run_address>
         <size>0x21e</size>
         <input_file_ref idref="fl-169"/>
      </object_component>
      <object_component id="oc-c1">
         <name>.debug_info</name>
         <load_address>0x4539</load_address>
         <run_address>0x4539</run_address>
         <size>0x1cc</size>
         <input_file_ref idref="fl-16c"/>
      </object_component>
      <object_component id="oc-c7">
         <name>.debug_info</name>
         <load_address>0x4705</load_address>
         <run_address>0x4705</run_address>
         <size>0x1f8</size>
         <input_file_ref idref="fl-169"/>
      </object_component>
      <object_component id="oc-ce">
         <name>.debug_info</name>
         <load_address>0x48fd</load_address>
         <run_address>0x48fd</run_address>
         <size>0x672</size>
         <input_file_ref idref="fl-6"/>
      </object_component>
      <object_component id="oc-d3">
         <name>.debug_info</name>
         <load_address>0x4f6f</load_address>
         <run_address>0x4f6f</run_address>
         <size>0x24c</size>
         <input_file_ref idref="fl-a"/>
      </object_component>
      <object_component id="oc-d4">
         <name>.debug_info</name>
         <load_address>0x51bb</load_address>
         <run_address>0x51bb</run_address>
         <size>0x84</size>
         <input_file_ref idref="fl-2"/>
      </object_component>
      <object_component id="oc-dc">
         <name>.debug_info</name>
         <load_address>0x523f</load_address>
         <run_address>0x523f</run_address>
         <size>0x14b</size>
         <input_file_ref idref="fl-162"/>
      </object_component>
      <object_component id="oc-e3">
         <name>.debug_info</name>
         <load_address>0x538a</load_address>
         <run_address>0x538a</run_address>
         <size>0x1ce</size>
         <input_file_ref idref="fl-6"/>
      </object_component>
      <object_component id="oc-e9">
         <name>.debug_info</name>
         <load_address>0x5558</load_address>
         <run_address>0x5558</run_address>
         <size>0x11b</size>
         <input_file_ref idref="fl-160"/>
      </object_component>
      <object_component id="oc-eb">
         <name>.debug_info</name>
         <load_address>0x5673</load_address>
         <run_address>0x5673</run_address>
         <size>0xc8</size>
         <input_file_ref idref="fl-15f"/>
      </object_component>
      <object_component id="oc-ee">
         <name>.debug_info</name>
         <load_address>0x573b</load_address>
         <run_address>0x573b</run_address>
         <size>0xeb</size>
         <input_file_ref idref="fl-14a"/>
      </object_component>
      <object_component id="oc-f1">
         <name>.debug_info</name>
         <load_address>0x5826</load_address>
         <run_address>0x5826</run_address>
         <size>0x146</size>
         <input_file_ref idref="fl-14a"/>
      </object_component>
      <object_component id="oc-f6">
         <name>.debug_info</name>
         <load_address>0x596c</load_address>
         <run_address>0x596c</run_address>
         <size>0x2c</size>
         <input_file_ref idref="fl-146"/>
      </object_component>
      <object_component id="oc-fd">
         <name>.debug_info</name>
         <load_address>0x5998</load_address>
         <run_address>0x5998</run_address>
         <size>0x2c</size>
         <input_file_ref idref="fl-d"/>
      </object_component>
      <object_component id="oc-109">
         <name>.debug_info</name>
         <load_address>0x59c4</load_address>
         <run_address>0x59c4</run_address>
         <size>0x2c</size>
         <input_file_ref idref="fl-153"/>
      </object_component>
      <object_component id="oc-10e">
         <name>.debug_info</name>
         <load_address>0x59f0</load_address>
         <run_address>0x59f0</run_address>
         <size>0x62</size>
         <input_file_ref idref="fl-153"/>
      </object_component>
      <object_component id="oc-114">
         <name>.debug_info</name>
         <load_address>0x5a52</load_address>
         <run_address>0x5a52</run_address>
         <size>0x11c</size>
         <input_file_ref idref="fl-f"/>
      </object_component>
      <object_component id="oc-117">
         <name>.debug_info</name>
         <load_address>0x5b6e</load_address>
         <run_address>0x5b6e</run_address>
         <size>0xc6</size>
         <input_file_ref idref="fl-f"/>
      </object_component>
      <object_component id="oc-11a">
         <name>.debug_info</name>
         <load_address>0x5c34</load_address>
         <run_address>0x5c34</run_address>
         <size>0x137</size>
         <input_file_ref idref="fl-158"/>
      </object_component>
      <object_component id="oc-11f">
         <name>.debug_info</name>
         <load_address>0x5d6b</load_address>
         <run_address>0x5d6b</run_address>
         <size>0x8b</size>
         <input_file_ref idref="fl-4"/>
      </object_component>
      <object_component id="oc-124">
         <name>.debug_info</name>
         <load_address>0x5df6</load_address>
         <run_address>0x5df6</run_address>
         <size>0xfb</size>
         <input_file_ref idref="fl-f"/>
      </object_component>
      <object_component id="oc-125">
         <name>.debug_info</name>
         <load_address>0x5ef1</load_address>
         <run_address>0x5ef1</run_address>
         <size>0x4e</size>
         <input_file_ref idref="fl-2"/>
      </object_component>
      <object_component id="oc-12b">
         <name>.debug_info</name>
         <load_address>0x5f3f</load_address>
         <run_address>0x5f3f</run_address>
         <size>0x18b</size>
         <input_file_ref idref="fl-168"/>
      </object_component>
      <object_component id="oc-130">
         <name>.debug_info</name>
         <load_address>0x60ca</load_address>
         <run_address>0x60ca</run_address>
         <size>0x1d7</size>
         <input_file_ref idref="fl-16e"/>
      </object_component>
      <object_component id="oc-133">
         <name>.debug_info</name>
         <load_address>0x62a1</load_address>
         <run_address>0x62a1</run_address>
         <size>0x1cf</size>
         <input_file_ref idref="fl-169"/>
      </object_component>
      <object_component id="oc-136">
         <name>.debug_info</name>
         <load_address>0x6470</load_address>
         <run_address>0x6470</run_address>
         <size>0x62</size>
         <input_file_ref idref="fl-4"/>
      </object_component>
      <object_component id="oc-13b">
         <name>.debug_info</name>
         <load_address>0x64d2</load_address>
         <run_address>0x64d2</run_address>
         <size>0x109</size>
         <input_file_ref idref="fl-4"/>
      </object_component>
      <object_component id="oc-140">
         <name>.debug_info</name>
         <load_address>0x65db</load_address>
         <run_address>0x65db</run_address>
         <size>0x17b</size>
         <input_file_ref idref="fl-4"/>
      </object_component>
      <object_component id="oc-145">
         <name>.debug_info</name>
         <load_address>0x6756</load_address>
         <run_address>0x6756</run_address>
         <size>0x1de</size>
         <input_file_ref idref="fl-2"/>
      </object_component>
      <object_component id="oc-14a">
         <name>.debug_info</name>
         <load_address>0x6934</load_address>
         <run_address>0x6934</run_address>
         <size>0xee</size>
         <input_file_ref idref="fl-4"/>
      </object_component>
      <object_component id="oc-154">
         <name>.debug_info</name>
         <load_address>0x6a22</load_address>
         <run_address>0x6a22</run_address>
         <size>0xdf</size>
         <input_file_ref idref="fl-151"/>
      </object_component>
      <object_component id="oc-15b">
         <name>.debug_info</name>
         <load_address>0x6b01</load_address>
         <run_address>0x6b01</run_address>
         <size>0xed</size>
         <input_file_ref idref="fl-14d"/>
      </object_component>
      <object_component id="oc-15f">
         <name>.debug_info</name>
         <load_address>0x6bee</load_address>
         <run_address>0x6bee</run_address>
         <size>0xff</size>
         <input_file_ref idref="fl-14b"/>
      </object_component>
      <object_component id="oc-165">
         <name>.debug_info</name>
         <load_address>0x6ced</load_address>
         <run_address>0x6ced</run_address>
         <size>0xe8</size>
         <input_file_ref idref="fl-14f"/>
      </object_component>
      <object_component id="oc-168">
         <name>.debug_info</name>
         <load_address>0x6dd5</load_address>
         <run_address>0x6dd5</run_address>
         <size>0xb0</size>
         <input_file_ref idref="fl-12"/>
      </object_component>
      <object_component id="oc-16c">
         <name>.debug_info</name>
         <load_address>0x6e85</load_address>
         <run_address>0x6e85</run_address>
         <size>0xdf</size>
         <input_file_ref idref="fl-150"/>
      </object_component>
      <object_component id="oc-170">
         <name>.debug_info</name>
         <load_address>0x6f64</load_address>
         <run_address>0x6f64</run_address>
         <size>0x237</size>
         <input_file_ref idref="fl-154"/>
      </object_component>
      <object_component id="oc-175">
         <name>.debug_info</name>
         <load_address>0x719b</load_address>
         <run_address>0x719b</run_address>
         <size>0x1e3</size>
         <input_file_ref idref="fl-169"/>
      </object_component>
      <object_component id="oc-17b">
         <name>.debug_info</name>
         <load_address>0x737e</load_address>
         <run_address>0x737e</run_address>
         <size>0x1f3</size>
         <input_file_ref idref="fl-16e"/>
      </object_component>
      <object_component id="oc-181">
         <name>.debug_info</name>
         <load_address>0x7571</load_address>
         <run_address>0x7571</run_address>
         <size>0x7c5</size>
         <input_file_ref idref="fl-16"/>
      </object_component>
      <object_component id="oc-189">
         <name>.debug_info</name>
         <load_address>0x7d36</load_address>
         <run_address>0x7d36</run_address>
         <size>0xed</size>
         <input_file_ref idref="fl-14e"/>
      </object_component>
      <object_component id="oc-18c">
         <name>.debug_info</name>
         <load_address>0x7e23</load_address>
         <run_address>0x7e23</run_address>
         <size>0x217</size>
         <input_file_ref idref="fl-16e"/>
      </object_component>
      <object_component id="oc-192">
         <name>.debug_info</name>
         <load_address>0x803a</load_address>
         <run_address>0x803a</run_address>
         <size>0x3ea</size>
         <input_file_ref idref="fl-11"/>
      </object_component>
      <object_component id="oc-194">
         <name>.debug_info</name>
         <load_address>0x8424</load_address>
         <run_address>0x8424</run_address>
         <size>0x18b</size>
         <input_file_ref idref="fl-6"/>
      </object_component>
      <object_component id="oc-199">
         <name>.debug_info</name>
         <load_address>0x85af</load_address>
         <run_address>0x85af</run_address>
         <size>0x190</size>
         <input_file_ref idref="fl-6"/>
      </object_component>
      <object_component id="oc-19f">
         <name>.debug_info</name>
         <load_address>0x873f</load_address>
         <run_address>0x873f</run_address>
         <size>0xff</size>
         <input_file_ref idref="fl-16a"/>
      </object_component>
      <object_component id="oc-1a5">
         <name>.debug_info</name>
         <load_address>0x883e</load_address>
         <run_address>0x883e</run_address>
         <size>0x1c2</size>
         <input_file_ref idref="fl-16c"/>
      </object_component>
      <object_component id="oc-1a8">
         <name>.debug_info</name>
         <load_address>0x8a00</load_address>
         <run_address>0x8a00</run_address>
         <size>0x1ba</size>
         <input_file_ref idref="fl-16c"/>
      </object_component>
      <object_component id="oc-1ac">
         <name>.debug_info</name>
         <load_address>0x8bba</load_address>
         <run_address>0x8bba</run_address>
         <size>0xa3</size>
         <input_file_ref idref="fl-6"/>
      </object_component>
      <object_component id="oc-1b1">
         <name>.debug_info</name>
         <load_address>0x8c5d</load_address>
         <run_address>0x8c5d</run_address>
         <size>0x165</size>
         <input_file_ref idref="fl-6"/>
      </object_component>
      <object_component id="oc-1b6">
         <name>.debug_info</name>
         <load_address>0x8dc2</load_address>
         <run_address>0x8dc2</run_address>
         <size>0x67</size>
         <input_file_ref idref="fl-6"/>
      </object_component>
      <object_component id="oc-1bb">
         <name>.debug_info</name>
         <load_address>0x8e29</load_address>
         <run_address>0x8e29</run_address>
         <size>0x7b</size>
         <input_file_ref idref="fl-6"/>
      </object_component>
      <object_component id="oc-1c0">
         <name>.debug_info</name>
         <load_address>0x8ea4</load_address>
         <run_address>0x8ea4</run_address>
         <size>0x13b</size>
         <input_file_ref idref="fl-6"/>
      </object_component>
      <object_component id="oc-1c5">
         <name>.debug_info</name>
         <load_address>0x8fdf</load_address>
         <run_address>0x8fdf</run_address>
         <size>0x1df</size>
         <input_file_ref idref="fl-6"/>
      </object_component>
      <object_component id="oc-1ca">
         <name>.debug_info</name>
         <load_address>0x91be</load_address>
         <run_address>0x91be</run_address>
         <size>0x1db</size>
         <input_file_ref idref="fl-6"/>
      </object_component>
      <object_component id="oc-1cf">
         <name>.debug_info</name>
         <load_address>0x9399</load_address>
         <run_address>0x9399</run_address>
         <size>0x1f7</size>
         <input_file_ref idref="fl-6"/>
      </object_component>
      <object_component id="oc-1d4">
         <name>.debug_info</name>
         <load_address>0x9590</load_address>
         <run_address>0x9590</run_address>
         <size>0x12f</size>
         <input_file_ref idref="fl-6"/>
      </object_component>
      <object_component id="oc-1d9">
         <name>.debug_info</name>
         <load_address>0x96bf</load_address>
         <run_address>0x96bf</run_address>
         <size>0xb7</size>
         <input_file_ref idref="fl-6"/>
      </object_component>
      <object_component id="oc-1de">
         <name>.debug_info</name>
         <load_address>0x9776</load_address>
         <run_address>0x9776</run_address>
         <size>0x107</size>
         <input_file_ref idref="fl-6"/>
      </object_component>
      <object_component id="oc-1e3">
         <name>.debug_info</name>
         <load_address>0x987d</load_address>
         <run_address>0x987d</run_address>
         <size>0x67</size>
         <input_file_ref idref="fl-6"/>
      </object_component>
      <object_component id="oc-1e8">
         <name>.debug_info</name>
         <load_address>0x98e4</load_address>
         <run_address>0x98e4</run_address>
         <size>0x103</size>
         <input_file_ref idref="fl-6"/>
      </object_component>
      <object_component id="oc-1ed">
         <name>.debug_info</name>
         <load_address>0x99e7</load_address>
         <run_address>0x99e7</run_address>
         <size>0x15a</size>
         <input_file_ref idref="fl-6"/>
      </object_component>
      <object_component id="oc-1f2">
         <name>.debug_info</name>
         <load_address>0x9b41</load_address>
         <run_address>0x9b41</run_address>
         <size>0x9c</size>
         <input_file_ref idref="fl-6"/>
      </object_component>
      <object_component id="oc-1f9">
         <name>.debug_info</name>
         <load_address>0x9bdd</load_address>
         <run_address>0x9bdd</run_address>
         <size>0x9e</size>
         <input_file_ref idref="fl-4"/>
      </object_component>
      <object_component id="oc-1ff">
         <name>.debug_info</name>
         <load_address>0x9c7b</load_address>
         <run_address>0x9c7b</run_address>
         <size>0x148</size>
         <input_file_ref idref="fl-162"/>
      </object_component>
      <object_component id="oc-201">
         <name>.debug_info</name>
         <load_address>0x9dc3</load_address>
         <run_address>0x9dc3</run_address>
         <size>0x5c6</size>
         <input_file_ref idref="fl-3"/>
      </object_component>
      <object_component id="oc-207">
         <name>.debug_info</name>
         <load_address>0xa389</load_address>
         <run_address>0xa389</run_address>
         <size>0x546</size>
         <input_file_ref idref="fl-14"/>
      </object_component>
      <object_component id="oc-20d">
         <name>.debug_info</name>
         <load_address>0xa8cf</load_address>
         <run_address>0xa8cf</run_address>
         <size>0x69a</size>
         <input_file_ref idref="fl-7"/>
      </object_component>
      <object_component id="oc-215">
         <name>.debug_info</name>
         <load_address>0xaf69</load_address>
         <run_address>0xaf69</run_address>
         <size>0x5e</size>
         <input_file_ref idref="fl-160"/>
      </object_component>
      <object_component id="oc-21d">
         <name>.debug_info</name>
         <load_address>0xafc7</load_address>
         <run_address>0xafc7</run_address>
         <size>0x1d4</size>
         <input_file_ref idref="fl-15f"/>
      </object_component>
      <object_component id="oc-222">
         <name>.debug_info</name>
         <load_address>0xb19b</load_address>
         <run_address>0xb19b</run_address>
         <size>0xd9</size>
         <input_file_ref idref="fl-15f"/>
      </object_component>
      <object_component id="oc-230">
         <name>.debug_info</name>
         <load_address>0xb274</load_address>
         <run_address>0xb274</run_address>
         <size>0x132</size>
         <input_file_ref idref="fl-2"/>
      </object_component>
      <object_component id="oc-231">
         <name>.debug_info</name>
         <load_address>0xb3a6</load_address>
         <run_address>0xb3a6</run_address>
         <size>0x90</size>
         <input_file_ref idref="fl-168"/>
      </object_component>
      <object_component id="oc-23a">
         <name>.debug_info</name>
         <load_address>0xb436</load_address>
         <run_address>0xb436</run_address>
         <size>0x148</size>
         <input_file_ref idref="fl-4"/>
      </object_component>
      <object_component id="oc-243">
         <name>.debug_info</name>
         <load_address>0xb57e</load_address>
         <run_address>0xb57e</run_address>
         <size>0x147</size>
         <input_file_ref idref="fl-15c"/>
      </object_component>
      <object_component id="oc-249">
         <name>.debug_info</name>
         <load_address>0xb6c5</load_address>
         <run_address>0xb6c5</run_address>
         <size>0x172</size>
         <input_file_ref idref="fl-15a"/>
      </object_component>
      <object_component id="oc-24f">
         <name>.debug_info</name>
         <load_address>0xb837</load_address>
         <run_address>0xb837</run_address>
         <size>0x127</size>
         <input_file_ref idref="fl-15d"/>
      </object_component>
      <object_component id="oc-255">
         <name>.debug_info</name>
         <load_address>0xb95e</load_address>
         <run_address>0xb95e</run_address>
         <size>0x189</size>
         <input_file_ref idref="fl-15e"/>
      </object_component>
      <object_component id="oc-25b">
         <name>.debug_info</name>
         <load_address>0xbae7</load_address>
         <run_address>0xbae7</run_address>
         <size>0x232</size>
         <input_file_ref idref="fl-16d"/>
      </object_component>
      <object_component id="oc-261">
         <name>.debug_info</name>
         <load_address>0xbd19</load_address>
         <run_address>0xbd19</run_address>
         <size>0x1b2</size>
         <input_file_ref idref="fl-16d"/>
      </object_component>
      <object_component id="oc-267">
         <name>.debug_info</name>
         <load_address>0xbecb</load_address>
         <run_address>0xbecb</run_address>
         <size>0x1e2</size>
         <input_file_ref idref="fl-16d"/>
      </object_component>
      <object_component id="oc-26d">
         <name>.debug_info</name>
         <load_address>0xc0ad</load_address>
         <run_address>0xc0ad</run_address>
         <size>0x1e2</size>
         <input_file_ref idref="fl-16d"/>
      </object_component>
      <object_component id="oc-273">
         <name>.debug_info</name>
         <load_address>0xc28f</load_address>
         <run_address>0xc28f</run_address>
         <size>0x1b8</size>
         <input_file_ref idref="fl-16d"/>
      </object_component>
      <object_component id="oc-279">
         <name>.debug_info</name>
         <load_address>0xc447</load_address>
         <run_address>0xc447</run_address>
         <size>0x1e1</size>
         <input_file_ref idref="fl-16a"/>
      </object_component>
      <object_component id="oc-27f">
         <name>.debug_info</name>
         <load_address>0xc628</load_address>
         <run_address>0xc628</run_address>
         <size>0x281</size>
         <input_file_ref idref="fl-16a"/>
      </object_component>
      <object_component id="oc-285">
         <name>.debug_info</name>
         <load_address>0xc8a9</load_address>
         <run_address>0xc8a9</run_address>
         <size>0x1e4</size>
         <input_file_ref idref="fl-16e"/>
      </object_component>
      <object_component id="oc-28b">
         <name>.debug_info</name>
         <load_address>0xca8d</load_address>
         <run_address>0xca8d</run_address>
         <size>0x1e3</size>
         <input_file_ref idref="fl-16e"/>
      </object_component>
      <object_component id="oc-291">
         <name>.debug_info</name>
         <load_address>0xcc70</load_address>
         <run_address>0xcc70</run_address>
         <size>0x1dd</size>
         <input_file_ref idref="fl-16e"/>
      </object_component>
      <object_component id="oc-297">
         <name>.debug_info</name>
         <load_address>0xce4d</load_address>
         <run_address>0xce4d</run_address>
         <size>0x24c</size>
         <input_file_ref idref="fl-16d"/>
      </object_component>
      <object_component id="oc-29d">
         <name>.debug_info</name>
         <load_address>0xd099</load_address>
         <run_address>0xd099</run_address>
         <size>0x355</size>
         <input_file_ref idref="fl-16"/>
      </object_component>
      <object_component id="oc-2a4">
         <name>.debug_info</name>
         <load_address>0xd3ee</load_address>
         <run_address>0xd3ee</run_address>
         <size>0x226</size>
         <input_file_ref idref="fl-16a"/>
      </object_component>
      <object_component id="oc-2ab">
         <name>.debug_info</name>
         <load_address>0xd614</load_address>
         <run_address>0xd614</run_address>
         <size>0xcd</size>
         <input_file_ref idref="fl-162"/>
      </object_component>
      <object_component id="oc-2b1">
         <name>.debug_info</name>
         <load_address>0xd6e1</load_address>
         <run_address>0xd6e1</run_address>
         <size>0x207</size>
         <input_file_ref idref="fl-16e"/>
      </object_component>
      <object_component id="oc-2b7">
         <name>.debug_info</name>
         <load_address>0xd8e8</load_address>
         <run_address>0xd8e8</run_address>
         <size>0x2a5</size>
         <input_file_ref idref="fl-e"/>
      </object_component>
      <object_component id="oc-2bd">
         <name>.debug_info</name>
         <load_address>0xdb8d</load_address>
         <run_address>0xdb8d</run_address>
         <size>0x297</size>
         <input_file_ref idref="fl-3"/>
      </object_component>
      <object_component id="oc-2bf">
         <name>.debug_info</name>
         <load_address>0xde24</load_address>
         <run_address>0xde24</run_address>
         <size>0x1f8</size>
         <input_file_ref idref="fl-170"/>
      </object_component>
      <object_component id="oc-2c5">
         <name>.debug_info</name>
         <load_address>0xe01c</load_address>
         <run_address>0xe01c</run_address>
         <size>0x1e0</size>
         <input_file_ref idref="fl-170"/>
      </object_component>
      <object_component id="oc-2cb">
         <name>.debug_info</name>
         <load_address>0xe1fc</load_address>
         <run_address>0xe1fc</run_address>
         <size>0x1dd</size>
         <input_file_ref idref="fl-16e"/>
      </object_component>
      <object_component id="oc-2d1">
         <name>.debug_info</name>
         <load_address>0xe3d9</load_address>
         <run_address>0xe3d9</run_address>
         <size>0x28a</size>
         <input_file_ref idref="fl-170"/>
      </object_component>
      <object_component id="oc-2d7">
         <name>.debug_info</name>
         <load_address>0xe663</load_address>
         <run_address>0xe663</run_address>
         <size>0x297</size>
         <input_file_ref idref="fl-170"/>
      </object_component>
      <object_component id="oc-2dd">
         <name>.debug_info</name>
         <load_address>0xe8fa</load_address>
         <run_address>0xe8fa</run_address>
         <size>0x204</size>
         <input_file_ref idref="fl-170"/>
      </object_component>
      <object_component id="oc-2e3">
         <name>.debug_info</name>
         <load_address>0xeafe</load_address>
         <run_address>0xeafe</run_address>
         <size>0x1fa</size>
         <input_file_ref idref="fl-170"/>
      </object_component>
      <object_component id="oc-2ea">
         <name>.debug_info</name>
         <load_address>0xecf8</load_address>
         <run_address>0xecf8</run_address>
         <size>0x1a2</size>
         <input_file_ref idref="fl-16c"/>
      </object_component>
      <object_component id="oc-2f0">
         <name>.debug_info</name>
         <load_address>0xee9a</load_address>
         <run_address>0xee9a</run_address>
         <size>0x393</size>
         <input_file_ref idref="fl-14"/>
      </object_component>
      <object_component id="oc-2f5">
         <name>.debug_info</name>
         <load_address>0xf22d</load_address>
         <run_address>0xf22d</run_address>
         <size>0x25d</size>
         <input_file_ref idref="fl-168"/>
      </object_component>
      <object_component id="oc-2fb">
         <name>.debug_info</name>
         <load_address>0xf48a</load_address>
         <run_address>0xf48a</run_address>
         <size>0x247</size>
         <input_file_ref idref="fl-7"/>
      </object_component>
      <object_component id="oc-303">
         <name>.debug_info</name>
         <load_address>0xf6d1</load_address>
         <run_address>0xf6d1</run_address>
         <size>0x1a9</size>
         <input_file_ref idref="fl-4"/>
      </object_component>
      <object_component id="oc-30a">
         <name>.debug_info</name>
         <load_address>0xf87a</load_address>
         <run_address>0xf87a</run_address>
         <size>0x121</size>
         <input_file_ref idref="fl-167"/>
      </object_component>
      <object_component id="oc-30f">
         <name>.debug_info</name>
         <load_address>0xf99b</load_address>
         <run_address>0xf99b</run_address>
         <size>0xcf</size>
         <input_file_ref idref="fl-15c"/>
      </object_component>
      <object_component id="oc-311">
         <name>.debug_info</name>
         <load_address>0xfa6a</load_address>
         <run_address>0xfa6a</run_address>
         <size>0xe5</size>
         <input_file_ref idref="fl-15a"/>
      </object_component>
      <object_component id="oc-313">
         <name>.debug_info</name>
         <load_address>0xfb4f</load_address>
         <run_address>0xfb4f</run_address>
         <size>0x143</size>
         <input_file_ref idref="fl-164"/>
      </object_component>
      <object_component id="oc-319">
         <name>.debug_info</name>
         <load_address>0xfc92</load_address>
         <run_address>0xfc92</run_address>
         <size>0xaa</size>
         <input_file_ref idref="fl-163"/>
      </object_component>
      <object_component id="oc-31e">
         <name>.debug_info</name>
         <load_address>0xfd3c</load_address>
         <run_address>0xfd3c</run_address>
         <size>0x86</size>
         <input_file_ref idref="fl-2"/>
      </object_component>
      <object_component id="oc-324">
         <name>.debug_info</name>
         <load_address>0xfdc2</load_address>
         <run_address>0xfdc2</run_address>
         <size>0x1d8</size>
         <input_file_ref idref="fl-16d"/>
      </object_component>
      <object_component id="oc-32c">
         <name>.debug_info</name>
         <load_address>0xff9a</load_address>
         <run_address>0xff9a</run_address>
         <size>0x10d</size>
         <input_file_ref idref="fl-16e"/>
      </object_component>
      <object_component id="oc-330">
         <name>.debug_info</name>
         <load_address>0x100a7</load_address>
         <run_address>0x100a7</run_address>
         <size>0x312</size>
         <input_file_ref idref="fl-16e"/>
      </object_component>
      <object_component id="oc-338">
         <name>.debug_info</name>
         <load_address>0x103b9</load_address>
         <run_address>0x103b9</run_address>
         <size>0x1b2</size>
         <input_file_ref idref="fl-16d"/>
      </object_component>
      <object_component id="oc-342">
         <name>.debug_info</name>
         <load_address>0x1056b</load_address>
         <run_address>0x1056b</run_address>
         <size>0x5f</size>
         <input_file_ref idref="fl-16a"/>
      </object_component>
      <object_component id="oc-349">
         <name>.debug_info</name>
         <load_address>0x105ca</load_address>
         <run_address>0x105ca</run_address>
         <size>0xed</size>
         <input_file_ref idref="fl-e"/>
      </object_component>
      <object_component id="oc-34d">
         <name>.debug_info</name>
         <load_address>0x106b7</load_address>
         <run_address>0x106b7</run_address>
         <size>0x1a8</size>
         <input_file_ref idref="fl-170"/>
      </object_component>
      <object_component id="oc-355">
         <name>.debug_info</name>
         <load_address>0x1085f</load_address>
         <run_address>0x1085f</run_address>
         <size>0x176</size>
         <input_file_ref idref="fl-16f"/>
      </object_component>
[...]
         <object_component_ref idref="oc-38"/>
      </symbol>
      <symbol id="sm-217">
         <name>ResetISR</name>
         <value>0x3773</value>
         <object_component_ref idref="oc-2c"/>
      </symbol>
      <symbol id="sm-218">
         <name>g_pfnVectors</name>
         <value>0x0</value>
         <object_component_ref idref="oc-e"/>
      </symbol>
      <symbol id="sm-23f">
         <name>ConfigureUART</name>
         <value>0x264d</value>
         <object_component_ref idref="oc-2b6"/>
      </symbol>
      <symbol id="sm-240">
         <name>UARTSend</name>
         <value>0x2727</value>
         <object_component_ref idref="oc-2b6"/>
      </symbol>
      <symbol id="sm-2a5">
         <name>UARTgetc</name>
         <value>0x14f9</value>
         <object_component_ref idref="oc-7b"/>
      </symbol>
      <symbol id="sm-2a6">
         <name>UARTgets</name>
         <value>0x1433</value>
         <object_component_ref idref="oc-7b"/>
      </symbol>
      <symbol id="sm-2a7">
         <name>g_ui32UARTBase</name>
         <value>0x394c</value>
         <object_component_ref idref="oc-113"/>
      </symbol>
      <symbol id="sm-2a8">
         <name>UARTStdioConfig</name>
         <value>0x1381</value>
         <object_component_ref idref="oc-7b"/>
      </symbol>
      <symbol id="sm-2a9">
         <name>UARTwrite</name>
         <value>0x13e1</value>
         <object_component_ref idref="oc-7b"/>
      </symbol>
      <symbol id="sm-2aa">
         <name>g_ui32Base</name>
         <value>0x20004158</value>
         <object_component_ref idref="oc-116"/>
      </symbol>
      <symbol id="sm-2ab">
         <name>UARTvprintf</name>
         <value>0x152d</value>
         <object_component_ref idref="oc-7b"/>
      </symbol>
      <symbol id="sm-2ac">
         <name>PRINTF</name>
         <value>0x1827</value>
         <object_component_ref idref="oc-7b"/>
      </symbol>
      <symbol id="sm-2e1">
         <name>whiteBal</name>
         <value>0xf5b</value>
         <object_component_ref idref="oc-a8"/>
      </symbol>
      <symbol id="sm-2e2">
         <name>_Z16normalizzaColoriP7_colore</name>
         <value>0xe79</value>
         <object_component_ref idref="oc-a8"/>
      </symbol>
      <symbol id="sm-2e3">
         <name>initLightSens</name>
         <value>0x10e7</value>
         <object_component_ref idref="oc-a8"/>
      </symbol>
      <symbol id="sm-2e4">
         <name>initTimer4</name>
         <value>0x1199</value>
         <object_component_ref idref="oc-a8"/>
      </symbol>
      <symbol id="sm-2e5">
         <name>readTemp</name>
         <value>0x1095</value>
         <object_component_ref idref="oc-a8"/>
      </symbol>
      <symbol id="sm-2e6">
         <name>_ZN6TEMPER8readTempEv</name>
         <value>0x1201</value>
         <object_component_ref idref="oc-a8"/>
      </symbol>
      <symbol id="sm-2e7">
         <name>taraturaTemp</name>
         <value>0xfb1</value>
         <object_component_ref idref="oc-a8"/>
      </symbol>
      <symbol id="sm-2e8">
         <name>_ZN6TEMPER12taraturaTempEv</name>
         <value>0x1269</value>
         <object_component_ref idref="oc-a8"/>
      </symbol>
      <symbol id="sm-319">
         <name>pwm_power</name>
         <value>0x199f</value>
         <object_component_ref idref="oc-a2"/>
      </symbol>
      <symbol id="sm-31a">
         <name>convertDegToPwm</name>
         <value>0x1945</value>
         <object_component_ref idref="oc-a2"/>
      </symbol>
      <symbol id="sm-31b">
         <name>pwmMotInit</name>
         <value>0x1a39</value>
         <object_component_ref idref="oc-a2"/>
      </symbol>
      <symbol id="sm-31c">
         <name>pwm_dir</name>
         <value>0x185d</value>
         <object_component_ref idref="oc-a2"/>
      </symbol>
      <symbol id="sm-31d">
         <name>pwmPowerA6</name>
         <value>0x19e1</value>
         <object_component_ref idref="oc-a2"/>
      </symbol>
      <symbol id="sm-31e">
         <name>pwmPowerA7</name>
         <value>0x1a0d</value>
         <object_component_ref idref="oc-a2"/>
      </symbol>
      <symbol id="sm-31f">
         <name>pwmServoInit</name>
         <value>0x1b5d</value>
         <object_component_ref idref="oc-a2"/>
      </symbol>
      <symbol id="sm-34a">
         <name>numByte</name>
         <value>0x20004184</value>
      </symbol>
      <symbol id="sm-34b">
         <name>ADCSequenceData_Get</name>
         <value>0x1fb7</value>
         <object_component_ref idref="oc-206"/>
      </symbol>
      <symbol id="sm-34c">
         <name>initHW_ADC</name>
         <value>0x2073</value>
         <object_component_ref idref="oc-206"/>
      </symbol>
      <symbol id="sm-34d">
         <name>adcISR</name>
         <value>0x1ff9</value>
         <object_component_ref idref="oc-206"/>
      </symbol>
      <symbol id="sm-34e">
         <name>initAdc</name>
         <value>0x1f6d</value>
         <object_component_ref idref="oc-206"/>
      </symbol>
      <symbol id="sm-386">
         <name>I2CSend_String</name>
         <value>0x1c71</value>
         <object_component_ref idref="oc-180"/>
      </symbol>
      <symbol id="sm-387">
         <name>I2CSend</name>
         <value>0x1dbd</value>
         <object_component_ref idref="oc-180"/>
      </symbol>
      <symbol id="sm-388">
         <name>I2CReceiveN</name>
         <value>0x1e99</value>
         <object_component_ref idref="oc-180"/>
      </symbol>
      <symbol id="sm-389">
         <name>InitI2C0</name>
         <value>0x1d7d</value>
         <object_component_ref idref="oc-180"/>
      </symbol>
      <symbol id="sm-38a">
         <name>I2CReceive</name>
         <value>0x1d11</value>
         <object_component_ref idref="oc-180"/>
      </symbol>
      <symbol id="sm-39b">
         <name>_c_int00</name>
         <value>0x3381</value>
         <object_component_ref idref="oc-11"/>
      </symbol>
      <symbol id="sm-39c">
         <name>__stack</name>
         <value>0x20000000</value>
         <object_component_ref idref="oc-28"/>
      </symbol>
      <symbol id="sm-3b3">
         <name>__TI_decompress_none</name>
         <value>0x3741</value>
         <object_component_ref idref="oc-16"/>
      </symbol>
      <symbol id="sm-3d7">
         <name>__TI_decompress_rle24</name>
         <value>0x37cb</value>
         <object_component_ref idref="oc-22"/>
      </symbol>
      <symbol id="sm-3eb">
         <name>__TI_zero_init</name>
         <value>0x36f5</value>
         <object_component_ref idref="oc-1c"/>
      </symbol>
      <symbol id="sm-40b">
         <name>C$$EXIT</name>
         <value>0x340d</value>
         <object_component_ref idref="oc-4c"/>
      </symbol>
      <symbol id="sm-40c">
         <name>abort</name>
         <value>0x3411</value>
         <object_component_ref idref="oc-4c"/>
      </symbol>
      <symbol id="sm-40d">
         <name>exit</name>
         <value>0x3419</value>
         <object_component_ref idref="oc-4c"/>
      </symbol>
      <symbol id="sm-40e">
         <name>__TI_dtors_ptr</name>
         <value>0x2000414c</value>
         <object_component_ref idref="oc-ed"/>
      </symbol>
      <symbol id="sm-40f">
         <name>__TI_cleanup_ptr</name>
         <value>0x20004148</value>
         <object_component_ref idref="oc-ed"/>
      </symbol>
      <symbol id="sm-426">
         <name>__aeabi_dsub</name>
         <value>0x234d</value>
         <object_component_ref idref="oc-15d"/>
      </symbol>
      <symbol id="sm-427">
         <name>__aeabi_dadd</name>
         <value>0x2357</value>
         <object_component_ref idref="oc-15d"/>
      </symbol>
      <symbol id="sm-43c">
         <name>__aeabi_ddiv</name>
         <value>0x2789</value>
         <object_component_ref idref="oc-158"/>
      </symbol>
      <symbol id="sm-447">
         <name>__aeabi_dmul</name>
         <value>0x2c19</value>
         <object_component_ref idref="oc-186"/>
      </symbol>
      <symbol id="sm-451">
         <name>__aeabi_d2f</name>
         <value>0x32a5</value>
         <object_component_ref idref="oc-162"/>
      </symbol>
      <symbol id="sm-45c">
         <name>__aeabi_f2d</name>
         <value>0x3513</value>
         <object_component_ref idref="oc-169"/>
      </symbol>
      <symbol id="sm-466">
         <name>__aeabi_i2d</name>
         <value>0x35e5</value>
         <object_component_ref idref="oc-153"/>
      </symbol>
      <symbol id="sm-481">
         <name>memcpy</name>
         <value>0x2ec5</value>
         <object_component_ref idref="oc-56"/>
      </symbol>
      <symbol id="sm-482">
         <name>__aeabi_memcpy</name>
         <value>0x2ec5</value>
         <object_component_ref idref="oc-56"/>
      </symbol>
      <symbol id="sm-483">
         <name>__aeabi_memcpy8</name>
         <value>0x2ec5</value>
         <object_component_ref idref="oc-56"/>
      </symbol>
      <symbol id="sm-484">
         <name>__aeabi_memcpy4</name>
         <value>0x2ec5</value>
         <object_component_ref idref="oc-56"/>
      </symbol>
      <symbol id="sm-499">
         <name>_sys_memory</name>
         <value>0x20002000</value>
         <object_component_ref idref="oc-29"/>
      </symbol>
      <symbol id="sm-4b0">
         <name>sqrt</name>
         <value>0x2505</value>
         <object_component_ref idref="oc-16e"/>
      </symbol>
      <symbol id="sm-4b8">
         <name>main_func_sp</name>
         <value>0x20004164</value>
         <object_component_ref idref="oc-52"/>
      </symbol>
      <symbol id="sm-4ca">
         <name>__aeabi_uidivmod</name>
         <value>0x3451</value>
         <object_component_ref idref="oc-119"/>
      </symbol>
      <symbol id="sm-4e6">
         <name>_Dscale</name>
         <value>0x2b09</value>
         <object_component_ref idref="oc-248"/>
      </symbol>
      <symbol id="sm-4fb">
         <name>_Dunscale</name>
         <value>0x3075</value>
         <object_component_ref idref="oc-242"/>
      </symbol>
      <symbol id="sm-50a">
         <name>_Feraise</name>
         <value>0x35b5</value>
         <object_component_ref idref="oc-24e"/>
      </symbol>
      <symbol id="sm-51a">
         <name>_Rteps</name>
         <value>0x20004110</value>
         <object_component_ref idref="oc-254"/>
      </symbol>
      <symbol id="sm-51b">
         <name>_Zero</name>
         <value>0x20004128</value>
         <object_component_ref idref="oc-254"/>
      </symbol>
      <symbol id="sm-51c">
         <name>_Hugeval</name>
         <value>0x200040d0</value>
         <object_component_ref idref="oc-254"/>
      </symbol>
      <symbol id="sm-51d">
         <name>_Snan</name>
         <value>0x20004100</value>
         <object_component_ref idref="oc-254"/>
      </symbol>
      <symbol id="sm-51e">
         <name>_Nan</name>
         <value>0x200040f0</value>
         <object_component_ref idref="oc-254"/>
      </symbol>
      <symbol id="sm-51f">
         <name>_Inf</name>
         <value>0x200040e0</value>
         <object_component_ref idref="oc-254"/>
      </symbol>
      <symbol id="sm-520">
         <name>_Xbig</name>
         <value>0x20004120</value>
         <object_component_ref idref="oc-254"/>
      </symbol>
      <symbol id="sm-521">
         <name>_Eps</name>
         <value>0x200040c0</value>
         <object_component_ref idref="oc-254"/>
      </symbol>
      <symbol id="sm-522">
         <name>_Denorm</name>
         <value>0x200040b0</value>
         <object_component_ref idref="oc-254"/>
      </symbol>
      <symbol id="sm-53b">
         <name>_nop</name>
         <value>0x36a7</value>
         <object_component_ref idref="oc-21a"/>
      </symbol>
      <symbol id="sm-53c">
         <name>_lock</name>
         <value>0x20004140</value>
         <object_component_ref idref="oc-ea"/>
      </symbol>
      <symbol id="sm-53d">
         <name>_unlock</name>
         <value>0x20004144</value>
         <object_component_ref idref="oc-ea"/>
      </symbol>
      <symbol id="sm-53e">
         <name>_register_lock</name>
         <value>0x369f</value>
         <object_component_ref idref="oc-21a"/>
      </symbol>
      <symbol id="sm-53f">
         <name>_register_unlock</name>
         <value>0x3699</value>
         <object_component_ref idref="oc-21a"/>
      </symbol>
      <symbol id="sm-553">
         <name>_args_main</name>
         <value>0x366d</value>
         <object_component_ref idref="oc-46"/>
      </symbol>
      <symbol id="sm-570">
         <name>__TI_auto_init</name>
         <value>0x2f61</value>
         <object_component_ref idref="oc-41"/>
      </symbol>
      <symbol id="sm-589">
         <name>copy_in</name>
         <value>0x33c9</value>
         <object_component_ref idref="oc-db"/>
      </symbol>
      <symbol id="sm-591">
         <name>_Errno</name>
         <value>0x20004160</value>
         <object_component_ref idref="oc-318"/>
      </symbol>
      <symbol id="sm-5af">
         <name>feraiseexcept</name>
         <value>0x3581</value>
         <object_component_ref idref="oc-312"/>
      </symbol>
      <symbol id="sm-5b0">
         <name>_Tls_setup__Fenv</name>
         <value>0x20004154</value>
         <object_component_ref idref="oc-372"/>
      </symbol>
      <symbol id="sm-5b1">
         <name>_Fenv</name>
         <value>0x20004150</value>
         <object_component_ref idref="oc-372"/>
      </symbol>
      <symbol id="sm-5c5">
         <name>raise</name>
         <value>0x3613</value>
         <object_component_ref idref="oc-36c"/>
      </symbol>
      <symbol id="sm-5df">
         <name>signal</name>
         <value>0x3495</value>
         <object_component_ref idref="oc-387"/>
      </symbol>
      <symbol id="sm-5f4">
         <name>_Dnorm</name>
         <value>0x2e01</value>
         <object_component_ref idref="oc-308"/>
      </symbol>
      <symbol id="sm-60e">
         <name>UARTCharPut</name>
         <value>0x379d</value>
         <object_component_ref idref="oc-2f4"/>
      </symbol>
      <symbol id="sm-643">
         <name>TimerLoadSet</name>
         <value>0x36e3</value>
         <object_component_ref idref="oc-ba"/>
      </symbol>
      <symbol id="sm-644">
         <name>TimerDisable</name>
         <value>0x3685</value>
         <object_component_ref idref="oc-8d"/>
      </symbol>
      <symbol id="sm-645">
         <name>TimerEnable</name>
         <value>0x3733</value>
         <object_component_ref idref="oc-174"/>
      </symbol>
      <symbol id="sm-646">
         <name>TimerIntEnable</name>
         <value>0x37b7</value>
         <object_component_ref idref="oc-c6"/>
      </symbol>
      <symbol id="sm-647">
         <name>TimerConfigure</name>
         <value>0x31f9</value>
         <object_component_ref idref="oc-b4"/>
      </symbol>
      <symbol id="sm-690">
         <name>SysCtlPeripheralEnable</name>
         <value>0x354d</value>
         <object_component_ref idref="oc-278"/>
      </symbol>
      <symbol id="sm-691">
         <name>SysCtlClockGet</name>
         <value>0x29f1</value>
         <object_component_ref idref="oc-ae"/>
      </symbol>
      <symbol id="sm-692">
         <name>SysCtlPeripheralReset</name>
         <value>0x3255</value>
         <object_component_ref idref="oc-27e"/>
      </symbol>
      <symbol id="sm-6c1">
         <name>IntEnable</name>
         <value>0x30d9</value>
         <object_component_ref idref="oc-c0"/>
      </symbol>
      <symbol id="sm-6c2">
         <name>IntMasterEnable</name>
         <value>0x3793</value>
         <object_component_ref idref="oc-2e8"/>
      </symbol>
      <symbol id="sm-703">
         <name>I2CMasterDataPut</name>
         <value>0x37d9</value>
         <object_component_ref idref="oc-266"/>
      </symbol>
      <symbol id="sm-704">
         <name>I2CMasterInitExpClk</name>
         <value>0x3339</value>
         <object_component_ref idref="oc-296"/>
      </symbol>
      <symbol id="sm-705">
         <name>I2CMasterSlaveAddrSet</name>
         <value>0x37af</value>
         <object_component_ref idref="oc-25a"/>
      </symbol>
      <symbol id="sm-706">
         <name>I2CMasterDataGet</name>
         <value>0x37d5</value>
         <object_component_ref idref="oc-272"/>
      </symbol>
      <symbol id="sm-707">
         <name>I2CMasterControl</name>
         <value>0x37d1</value>
         <object_component_ref idref="oc-26c"/>
      </symbol>
      <symbol id="sm-708">
         <name>I2CMasterBusy</name>
         <value>0x37a7</value>
         <object_component_ref idref="oc-260"/>
      </symbol>
      <symbol id="sm-709">
         <name>I2CMasterEnable</name>
         <value>0x3789</value>
         <object_component_ref idref="oc-337"/>
      </symbol>
      <symbol id="sm-771">
         <name>GPIOPinConfigure</name>
         <value>0x32f1</value>
         <object_component_ref idref="oc-284"/>
      </symbol>
      <symbol id="sm-772">
         <name>GPIOPinTypeI2CSCL</name>
         <value>0x36d1</value>
         <object_component_ref idref="oc-28a"/>
      </symbol>
      <symbol id="sm-773">
         <name>GPIOIntDisable</name>
         <value>0x3725</value>
         <object_component_ref idref="oc-87"/>
      </symbol>
      <symbol id="sm-774">
         <name>GPIOIntEnable</name>
         <value>0x3767</value>
         <object_component_ref idref="oc-17a"/>
      </symbol>
      <symbol id="sm-775">
         <name>GPIOPinTypeI2C</name>
         <value>0x36bf</value>
         <object_component_ref idref="oc-290"/>
      </symbol>
      <symbol id="sm-776">
         <name>GPIOPinTypeADC</name>
         <value>0x36ad</value>
         <object_component_ref idref="oc-2ca"/>
      </symbol>
      <symbol id="sm-777">
         <name>GPIOIntClear</name>
         <value>0x37bf</value>
         <object_component_ref idref="oc-81"/>
      </symbol>
      <symbol id="sm-778">
         <name>GPIODirModeSet</name>
         <value>0x3641</value>
         <object_component_ref idref="oc-18b"/>
      </symbol>
      <symbol id="sm-779">
         <name>GPIOPinWrite</name>
         <value>0x37c5</value>
         <object_component_ref idref="oc-2b0"/>
      </symbol>
      <symbol id="sm-77a">
         <name>GPIOPadConfigSet</name>
         <value>0x28bf</value>
         <object_component_ref idref="oc-32f"/>
      </symbol>
      <symbol id="sm-784">
         <name>CPUcpsie</name>
         <value>0x375b</value>
         <object_component_ref idref="oc-354"/>
      </symbol>
      <symbol id="sm-7bb">
         <name>ADCSequenceEnable</name>
         <value>0x3717</value>
         <object_component_ref idref="oc-2dc"/>
      </symbol>
      <symbol id="sm-7bc">
         <name>ADCSequenceConfigure</name>
         <value>0x34d5</value>
         <object_component_ref idref="oc-2d0"/>
      </symbol>
      <symbol id="sm-7bd">
         <name>ADCIntEnable</name>
         <value>0x3707</value>
         <object_component_ref idref="oc-2e2"/>
      </symbol>
      <symbol id="sm-7be">
         <name>ADCReferenceSet</name>
         <value>0x374f</value>
         <object_component_ref idref="oc-2c4"/>
      </symbol>
      <symbol id="sm-7bf">
         <name>ADCSequenceStepConfigure</name>
         <value>0x2ff5</value>
         <object_component_ref idref="oc-2d6"/>
      </symbol>
      <symbol id="sm-7c0">
         <name>ADCIntClear</name>
         <value>0x377f</value>
         <object_component_ref idref="oc-2be"/>
      </symbol>
      <symbol id="sm-7c1">
         <name>__TI_static_base__</name>
         <value>0x0</value>
      </symbol>
      <symbol id="sm-7c2">
         <name>__TI_args_main</name>
         <value>0x1</value>
      </symbol>
      <symbol id="sm-7c3">
         <name>SHT$$INIT_ARRAY$$Limit</name>
         <value>0x0</value>
      </symbol>
      <symbol id="sm-7c4">
         <name>SHT$$INIT_ARRAY$$Base</name>
         <value>0x0</value>
      </symbol>
   </symbol_table>
   <title>Link successful</title>
</link_info>
